<?xml version="1.0" encoding="utf-8"?>
<TestRun id="c180f6b6-7540-43b4-b0d8-eccdb14dce99" name="@Ozge-MacBook-Pro 2025-09-06 14:12:25" xmlns="http://microsoft.com/schemas/VisualStudio/TeamTest/2010">
  <Times creation="2025-09-06T14:12:25.0739110+03:00" queuing="2025-09-06T14:12:25.0739110+03:00" start="2025-09-06T14:12:24.7578320+03:00" finish="2025-09-06T14:12:25.3330130+03:00" />
  <TestSettings name="default" id="ce1f6c2d-4ce8-46c8-b662-accea0f1dfc7">
    <Deployment runDeploymentRoot="_Ozge-MacBook-Pro_2025-09-06_14_12_25" />
  </TestSettings>
  <Results>
    <UnitTestResult executionId="f2275e3d-cac3-4f8a-902e-a94a4d8cf1f2" testId="9b3934de-d472-f2ff-977b-dd5c54c337fe" testName="MerchantApp.Tests.Tests.CardServiceTests.GetAllCardsAsync_ShouldReturnAllCards" computerName="Ozge-MacBook-Pro" duration="00:00:00.0047123" startTime="2025-09-06T14:12:25.2491500+03:00" endTime="2025-09-06T14:12:25.2491500+03:00" testType="13cdc9d9-ddb5-4fa4-a97d-d965ccfc6d4b" outcome="Passed" testListId="8c84fa94-04c1-424b-9868-57a2d4851a1d" relativeResultsDirectory="f2275e3d-cac3-4f8a-902e-a94a4d8cf1f2" />
    <UnitTestResult executionId="70043a9c-5dfb-4e75-b6e4-f7fd11a6e5e9" testId="819e6283-6fde-8885-7817-4e7b85584415" testName="MerchantApp.Tests.Tests.CartServiceTests.AddMultipleItems_ShouldStoreAllItems" computerName="Ozge-MacBook-Pro" duration="00:00:00.0005370" startTime="2025-09-06T14:12:25.0611930+03:00" endTime="2025-09-06T14:12:25.0611930+03:00" testType="13cdc9d9-ddb5-4fa4-a97d-d965ccfc6d4b" outcome="Passed" testListId="8c84fa94-04c1-424b-9868-57a2d4851a1d" relativeResultsDirectory="70043a9c-5dfb-4e75-b6e4-f7fd11a6e5e9" />
    <UnitTestResult executionId="b3d282bc-c845-410b-9b2f-7527cd7fe8b8" testId="4876162f-1235-7ad0-30a0-c35513c7cee6" testName="MerchantApp.Tests.Tests.MerchantAuthServiceTests.LoginAsync_ShouldReturnMerchant_WhenCredentialsCorrect" computerName="Ozge-MacBook-Pro" duration="00:00:00.0003944" startTime="2025-09-06T14:12:25.2612570+03:00" endTime="2025-09-06T14:12:25.2612570+03:00" testType="13cdc9d9-ddb5-4fa4-a97d-d965ccfc6d4b" outcome="Passed" testListId="8c84fa94-04c1-424b-9868-57a2d4851a1d" relativeResultsDirectory="b3d282bc-c845-410b-9b2f-7527cd7fe8b8" />
    <UnitTestResult executionId="789501f6-2693-4f1a-9f71-7de488565b4e" testId="88eb603a-1b6b-4026-aef7-98cd9b44a71b" testName="MerchantApp.Tests.Tests.CartServiceTests.AddItem_ShouldIncreaseQuantity_WhenItemExists" computerName="Ozge-MacBook-Pro" duration="00:00:00.0003106" startTime="2025-09-06T14:12:25.0610790+03:00" endTime="2025-09-06T14:12:25.0610790+03:00" testType="13cdc9d9-ddb5-4fa4-a97d-d965ccfc6d4b" outcome="Passed" testListId="8c84fa94-04c1-424b-9868-57a2d4851a1d" relativeResultsDirectory="789501f6-2693-4f1a-9f71-7de488565b4e" />
    <UnitTestResult executionId="74ed9fde-3ca8-4483-b637-008ce347144f" testId="6a2ff0ff-cfff-957f-0e92-787dba71a9a2" testName="MerchantApp.Tests.Tests.TransactionServiceTests.StartTransactionAsync_ShouldThrow_WhenCartIsEmpty" computerName="Ozge-MacBook-Pro" duration="00:00:00.0009572" startTime="2025-09-06T14:12:25.2510070+03:00" endTime="2025-09-06T14:12:25.2510070+03:00" testType="13cdc9d9-ddb5-4fa4-a97d-d965ccfc6d4b" outcome="Passed" testListId="8c84fa94-04c1-424b-9868-57a2d4851a1d" relativeResultsDirectory="74ed9fde-3ca8-4483-b637-008ce347144f" />
    <UnitTestResult executionId="c759d997-10d5-4e7c-a926-dad99cc9c4b6" testId="019f9459-47bb-ad48-4fab-01a468d7ee32" testName="MerchantApp.Tests.Tests.ProductServiceTests.DeleteProductAsync_ShouldRemoveProduct" computerName="Ozge-MacBook-Pro" duration="00:00:00.2408965" startTime="2025-09-06T14:12:25.2394640+03:00" endTime="2025-09-06T14:12:25.2394640+03:00" testType="13cdc9d9-ddb5-4fa4-a97d-d965ccfc6d4b" outcome="Passed" testListId="8c84fa94-04c1-424b-9868-57a2d4851a1d" relativeResultsDirectory="c759d997-10d5-4e7c-a926-dad99cc9c4b6" />
    <UnitTestResult executionId="63f667c5-ae13-482e-a6db-3cecccc21945" testId="05e86c93-a484-17a1-c6e7-c726b1dce0dc" testName="MerchantApp.Tests.Tests.MerchantAuthServiceTests.RegisterAsync_ShouldCreateNewMerchant" computerName="Ozge-MacBook-Pro" duration="00:00:00.0005103" startTime="2025-09-06T14:12:25.2608440+03:00" endTime="2025-09-06T14:12:25.2608440+03:00" testType="13cdc9d9-ddb5-4fa4-a97d-d965ccfc6d4b" outcome="Passed" testListId="8c84fa94-04c1-424b-9868-57a2d4851a1d" relativeResultsDirectory="63f667c5-ae13-482e-a6db-3cecccc21945" />
    <UnitTestResult executionId="579957b9-88d0-4f70-85f5-1f3f21457f6a" testId="9804a871-652f-5f3d-33f0-b95dec4b3c19" testName="MerchantApp.Tests.Tests.CardholderServiceTests.CreateCardholderAsync_ShouldCreateCardholder" computerName="Ozge-MacBook-Pro" duration="00:00:00.0155128" startTime="2025-09-06T14:12:25.2465760+03:00" endTime="2025-09-06T14:12:25.2465760+03:00" testType="13cdc9d9-ddb5-4fa4-a97d-d965ccfc6d4b" outcome="Passed" testListId="8c84fa94-04c1-424b-9868-57a2d4851a1d" relativeResultsDirectory="579957b9-88d0-4f70-85f5-1f3f21457f6a" />
    <UnitTestResult executionId="1583be49-2a8d-472f-b123-568ec42d8e48" testId="ff0d95b1-6f5f-454e-3532-9f4abf6f8bca" testName="MerchantApp.Tests.Tests.CartServiceTests.ClearCart_ShouldEmptyCache" computerName="Ozge-MacBook-Pro" duration="00:00:00.0006650" startTime="2025-09-06T14:12:25.0529710+03:00" endTime="2025-09-06T14:12:25.0529710+03:00" testType="13cdc9d9-ddb5-4fa4-a97d-d965ccfc6d4b" outcome="Passed" testListId="8c84fa94-04c1-424b-9868-57a2d4851a1d" relativeResultsDirectory="1583be49-2a8d-472f-b123-568ec42d8e48" />
    <UnitTestResult executionId="6d47ccb5-48e0-4b1e-b76a-9c3b9316143e" testId="066d8aff-4e45-91c1-e61a-7fb14c974181" testName="MerchantApp.Tests.Tests.TransactionServiceTests.StartTransactionAsync_ShouldSucceed_WhenProductsExist" computerName="Ozge-MacBook-Pro" duration="00:00:00.2514737" startTime="2025-09-06T14:12:25.2500160+03:00" endTime="2025-09-06T14:12:25.2500160+03:00" testType="13cdc9d9-ddb5-4fa4-a97d-d965ccfc6d4b" outcome="Passed" testListId="8c84fa94-04c1-424b-9868-57a2d4851a1d" relativeResultsDirectory="6d47ccb5-48e0-4b1e-b76a-9c3b9316143e" />
    <UnitTestResult executionId="91849786-88af-4620-ac01-28942d254344" testId="836f0f4e-c7df-f61e-baed-0d26ee49a7c6" testName="MerchantApp.Tests.Tests.MerchantAuthServiceTests.LoginAsync_ShouldReturnNull_WhenPasswordWrong" computerName="Ozge-MacBook-Pro" duration="00:00:00.0277506" startTime="2025-09-06T14:12:25.2603090+03:00" endTime="2025-09-06T14:12:25.2603090+03:00" testType="13cdc9d9-ddb5-4fa4-a97d-d965ccfc6d4b" outcome="Passed" testListId="8c84fa94-04c1-424b-9868-57a2d4851a1d" relativeResultsDirectory="91849786-88af-4620-ac01-28942d254344" />
    <UnitTestResult executionId="38d09231-7dd8-44d5-baad-4596663d5deb" testId="9e5dc066-35a3-3415-ab26-5f67c54e1e23" testName="MerchantApp.Tests.Tests.CartServiceTests.RemoveItem_ShouldRemoveItemFromCache" computerName="Ozge-MacBook-Pro" duration="00:00:00.0537399" startTime="2025-09-06T14:12:25.0522820+03:00" endTime="2025-09-06T14:12:25.0522820+03:00" testType="13cdc9d9-ddb5-4fa4-a97d-d965ccfc6d4b" outcome="Passed" testListId="8c84fa94-04c1-424b-9868-57a2d4851a1d" relativeResultsDirectory="38d09231-7dd8-44d5-baad-4596663d5deb" />
    <UnitTestResult executionId="991cff8c-e936-4287-9fca-07a8d718805a" testId="a79ea13d-0586-beeb-8b78-69ec36052772" testName="MerchantApp.Tests.Tests.CartServiceTests.GetCart_ShouldReturnEmptyList_WhenNoItems" computerName="Ozge-MacBook-Pro" duration="00:00:00.0002078" startTime="2025-09-06T14:12:25.0611740+03:00" endTime="2025-09-06T14:12:25.0611740+03:00" testType="13cdc9d9-ddb5-4fa4-a97d-d965ccfc6d4b" outcome="Passed" testListId="8c84fa94-04c1-424b-9868-57a2d4851a1d" relativeResultsDirectory="991cff8c-e936-4287-9fca-07a8d718805a" />
    <UnitTestResult executionId="858bedd0-5634-4a66-a23d-5175e0bb27f1" testId="2baffebb-b797-02d1-19ae-b3c967f72f7e" testName="MerchantApp.Test.ServiceSmokeTests.Service_Project_Loads" computerName="Ozge-MacBook-Pro" duration="00:00:00.0031186" startTime="2025-09-06T14:12:25.0026660+03:00" endTime="2025-09-06T14:12:25.0026730+03:00" testType="13cdc9d9-ddb5-4fa4-a97d-d965ccfc6d4b" outcome="Passed" testListId="8c84fa94-04c1-424b-9868-57a2d4851a1d" relativeResultsDirectory="858bedd0-5634-4a66-a23d-5175e0bb27f1" />
    <UnitTestResult executionId="3de8f33d-ac21-4b65-943a-73b194acb573" testId="88aee40c-52b5-7d9b-55cf-27f68d7891a2" testName="MerchantApp.Tests.Tests.TransactionServiceTests.StartTransactionAsync_ShouldThrow_WhenProductNotFound" computerName="Ozge-MacBook-Pro" duration="00:00:00.0066509" startTime="2025-09-06T14:12:25.2576900+03:00" endTime="2025-09-06T14:12:25.2576900+03:00" testType="13cdc9d9-ddb5-4fa4-a97d-d965ccfc6d4b" outcome="Passed" testListId="8c84fa94-04c1-424b-9868-57a2d4851a1d" relativeResultsDirectory="3de8f33d-ac21-4b65-943a-73b194acb573" />
    <UnitTestResult executionId="234ee922-d5e4-446a-b449-fa89db78c2f2" testId="1dbff002-d315-d3ec-1b99-15c99669c543" testName="MerchantApp.Tests.Tests.ProductServiceTests.GetProductsByMerchantAsync_ShouldReturnProducts" computerName="Ozge-MacBook-Pro" duration="00:00:00.0087911" startTime="2025-09-06T14:12:25.2482960+03:00" endTime="2025-09-06T14:12:25.2482960+03:00" testType="13cdc9d9-ddb5-4fa4-a97d-d965ccfc6d4b" outcome="Passed" testListId="8c84fa94-04c1-424b-9868-57a2d4851a1d" relativeResultsDirectory="234ee922-d5e4-446a-b449-fa89db78c2f2" />
    <UnitTestResult executionId="f54b971f-6554-457c-b464-66391685f3fb" testId="2f3d5a45-cd40-ffbc-cd5e-87fa9bf4808e" testName="MerchantApp.Tests.Tests.CartServiceTests.AddItem_ShouldStoreItemInCache" computerName="Ozge-MacBook-Pro" duration="00:00:00.0002360" startTime="2025-09-06T14:12:25.0611520+03:00" endTime="2025-09-06T14:12:25.0611520+03:00" testType="13cdc9d9-ddb5-4fa4-a97d-d965ccfc6d4b" outcome="Passed" testListId="8c84fa94-04c1-424b-9868-57a2d4851a1d" relativeResultsDirectory="f54b971f-6554-457c-b464-66391685f3fb" />
    <UnitTestResult executionId="4512cb3a-4579-4122-a9f9-e2577e3d05c9" testId="7bdedd38-9e0f-b00a-98c9-34188e8fa7a7" testName="MerchantApp.Tests.Tests.QrServiceTests.GetStatusAsync_ShouldReturnCorrectTransactionStatus" computerName="Ozge-MacBook-Pro" duration="00:00:00.0086289" startTime="2025-09-06T14:12:25.3128610+03:00" endTime="2025-09-06T14:12:25.3128620+03:00" testType="13cdc9d9-ddb5-4fa4-a97d-d965ccfc6d4b" outcome="Passed" testListId="8c84fa94-04c1-424b-9868-57a2d4851a1d" relativeResultsDirectory="4512cb3a-4579-4122-a9f9-e2577e3d05c9" />
    <UnitTestResult executionId="5e1a16fa-5170-4ef3-b3f5-84d215fb6000" testId="ebf2cc3d-d40c-f956-2795-5a2257a73db9" testName="MerchantApp.Tests.Tests.CardServiceTests.CreateCardAsync_ShouldCreateCard" computerName="Ozge-MacBook-Pro" duration="00:00:00.2458850" startTime="2025-09-06T14:12:25.2444210+03:00" endTime="2025-09-06T14:12:25.2444210+03:00" testType="13cdc9d9-ddb5-4fa4-a97d-d965ccfc6d4b" outcome="Passed" testListId="8c84fa94-04c1-424b-9868-57a2d4851a1d" relativeResultsDirectory="5e1a16fa-5170-4ef3-b3f5-84d215fb6000" />
    <UnitTestResult executionId="9b835408-e6fc-4719-8e77-9ebe5dbd1934" testId="196c55a5-da1b-8000-7c7d-0764c7c60463" testName="MerchantApp.Tests.Tests.QrServiceTests.GenerateQrAsync_ShouldCreateTransaction_AndGenerateBase64Qr" computerName="Ozge-MacBook-Pro" duration="00:00:00.3009837" startTime="2025-09-06T14:12:25.3042070+03:00" endTime="2025-09-06T14:12:25.3042070+03:00" testType="13cdc9d9-ddb5-4fa4-a97d-d965ccfc6d4b" outcome="Passed" testListId="8c84fa94-04c1-424b-9868-57a2d4851a1d" relativeResultsDirectory="9b835408-e6fc-4719-8e77-9ebe5dbd1934" />
    <UnitTestResult executionId="24d83c5c-e418-42f1-b850-fc0273de07eb" testId="371fe41a-9ef4-d9ea-bb43-e2312972d520" testName="MerchantApp.Tests.Tests.MerchantAuthServiceTests.LoginAsync_ShouldReturnNull_WhenEmailNotExist" computerName="Ozge-MacBook-Pro" duration="00:00:00.2340350" startTime="2025-09-06T14:12:25.2325510+03:00" endTime="2025-09-06T14:12:25.2325510+03:00" testType="13cdc9d9-ddb5-4fa4-a97d-d965ccfc6d4b" outcome="Passed" testListId="8c84fa94-04c1-424b-9868-57a2d4851a1d" relativeResultsDirectory="24d83c5c-e418-42f1-b850-fc0273de07eb" />
    <UnitTestResult executionId="9aa51892-bc3f-43dc-b354-1da34a9becf7" testId="d2f44ae9-efb6-5497-db04-af83398ba2c7" testName="MerchantApp.Tests.Tests.ProductServiceTests.AddProductAsync_ShouldAddOrUpdateProduct" computerName="Ozge-MacBook-Pro" duration="00:00:00.0119367" startTime="2025-09-06T14:12:25.2602580+03:00" endTime="2025-09-06T14:12:25.2602580+03:00" testType="13cdc9d9-ddb5-4fa4-a97d-d965ccfc6d4b" outcome="Passed" testListId="8c84fa94-04c1-424b-9868-57a2d4851a1d" relativeResultsDirectory="9aa51892-bc3f-43dc-b354-1da34a9becf7" />
    <UnitTestResult executionId="0ae7361d-c5c7-4912-8a13-622de5f296aa" testId="30716dd1-7841-6d3d-2e61-82c447fb54c4" testName="MerchantApp.Tests.Tests.CardholderServiceTests.GetAllCardholdersAsync_ShouldReturnAllCardholders" computerName="Ozge-MacBook-Pro" duration="00:00:00.2324627" startTime="2025-09-06T14:12:25.2311400+03:00" endTime="2025-09-06T14:12:25.2311400+03:00" testType="13cdc9d9-ddb5-4fa4-a97d-d965ccfc6d4b" outcome="Passed" testListId="8c84fa94-04c1-424b-9868-57a2d4851a1d" relativeResultsDirectory="0ae7361d-c5c7-4912-8a13-622de5f296aa" />
  </Results>
  <TestDefinitions>
    <UnitTest name="MerchantApp.Tests.Tests.CartServiceTests.ClearCart_ShouldEmptyCache" storage="/users/ozge/desktop/card-management-package/src/merchantapp/merchantapp.tests/bin/debug/net9.0/merchantapp.tests.dll" id="ff0d95b1-6f5f-454e-3532-9f4abf6f8bca">
      <Execution id="1583be49-2a8d-472f-b123-568ec42d8e48" />
      <TestMethod codeBase="/Users/ozge/Desktop/Card-Management-Package/src/MerchantApp/MerchantApp.Tests/bin/Debug/net9.0/MerchantApp.Tests.dll" adapterTypeName="executor://xunit/VsTestRunner2/netcoreapp" className="MerchantApp.Tests.Tests.CartServiceTests" name="ClearCart_ShouldEmptyCache" />
    </UnitTest>
    <UnitTest name="MerchantApp.Tests.Tests.TransactionServiceTests.StartTransactionAsync_ShouldThrow_WhenCartIsEmpty" storage="/users/ozge/desktop/card-management-package/src/merchantapp/merchantapp.tests/bin/debug/net9.0/merchantapp.tests.dll" id="6a2ff0ff-cfff-957f-0e92-787dba71a9a2">
      <Execution id="74ed9fde-3ca8-4483-b637-008ce347144f" />
      <TestMethod codeBase="/Users/ozge/Desktop/Card-Management-Package/src/MerchantApp/MerchantApp.Tests/bin/Debug/net9.0/MerchantApp.Tests.dll" adapterTypeName="executor://xunit/VsTestRunner2/netcoreapp" className="MerchantApp.Tests.Tests.TransactionServiceTests" name="StartTransactionAsync_ShouldThrow_WhenCartIsEmpty" />
    </UnitTest>
    <UnitTest name="MerchantApp.Tests.Tests.CardholderServiceTests.CreateCardholderAsync_ShouldCreateCardholder" storage="/users/ozge/desktop/card-management-package/src/merchantapp/merchantapp.tests/bin/debug/net9.0/merchantapp.tests.dll" id="9804a871-652f-5f3d-33f0-b95dec4b3c19">
      <Execution id="579957b9-88d0-4f70-85f5-1f3f21457f6a" />
      <TestMethod codeBase="/Users/ozge/Desktop/Card-Management-Package/src/MerchantApp/MerchantApp.Tests/bin/Debug/net9.0/MerchantApp.Tests.dll" adapterTypeName="executor://xunit/VsTestRunner2/netcoreapp" className="MerchantApp.Tests.Tests.CardholderServiceTests" name="CreateCardholderAsync_ShouldCreateCardholder" />
    </UnitTest>
    <UnitTest name="MerchantApp.Tests.Tests.QrServiceTests.GetStatusAsync_ShouldReturnCorrectTransactionStatus" storage="/users/ozge/desktop/card-management-package/src/merchantapp/merchantapp.tests/bin/debug/net9.0/merchantapp.tests.dll" id="7bdedd38-9e0f-b00a-98c9-34188e8fa7a7">
      <Execution id="4512cb3a-4579-4122-a9f9-e2577e3d05c9" />
      <TestMethod codeBase="/Users/ozge/Desktop/Card-Management-Package/src/MerchantApp/MerchantApp.Tests/bin/Debug/net9.0/MerchantApp.Tests.dll" adapterTypeName="executor://xunit/VsTestRunner2/netcoreapp" className="MerchantApp.Tests.Tests.QrServiceTests" name="GetStatusAsync_ShouldReturnCorrectTransactionStatus" />
    </UnitTest>
    <UnitTest name="MerchantApp.Tests.Tests.MerchantAuthServiceTests.LoginAsync_ShouldReturnNull_WhenPasswordWrong" storage="/users/ozge/desktop/card-management-package/src/merchantapp/merchantapp.tests/bin/debug/net9.0/merchantapp.tests.dll" id="836f0f4e-c7df-f61e-baed-0d26ee49a7c6">
      <Execution id="91849786-88af-4620-ac01-28942d254344" />
      <TestMethod codeBase="/Users/ozge/Desktop/Card-Management-Package/src/MerchantApp/MerchantApp.Tests/bin/Debug/net9.0/MerchantApp.Tests.dll" adapterTypeName="executor://xunit/VsTestRunner2/netcoreapp" className="MerchantApp.Tests.Tests.MerchantAuthServiceTests" name="LoginAsync_ShouldReturnNull_WhenPasswordWrong" />
    </UnitTest>
    <UnitTest name="MerchantApp.Tests.Tests.TransactionServiceTests.StartTransactionAsync_ShouldSucceed_WhenProductsExist" storage="/users/ozge/desktop/card-management-package/src/merchantapp/merchantapp.tests/bin/debug/net9.0/merchantapp.tests.dll" id="066d8aff-4e45-91c1-e61a-7fb14c974181">
      <Execution id="6d47ccb5-48e0-4b1e-b76a-9c3b9316143e" />
      <TestMethod codeBase="/Users/ozge/Desktop/Card-Management-Package/src/MerchantApp/MerchantApp.Tests/bin/Debug/net9.0/MerchantApp.Tests.dll" adapterTypeName="executor://xunit/VsTestRunner2/netcoreapp" className="MerchantApp.Tests.Tests.TransactionServiceTests" name="StartTransactionAsync_ShouldSucceed_WhenProductsExist" />
    </UnitTest>
    <UnitTest name="MerchantApp.Tests.Tests.CartServiceTests.AddItem_ShouldStoreItemInCache" storage="/users/ozge/desktop/card-management-package/src/merchantapp/merchantapp.tests/bin/debug/net9.0/merchantapp.tests.dll" id="2f3d5a45-cd40-ffbc-cd5e-87fa9bf4808e">
      <Execution id="f54b971f-6554-457c-b464-66391685f3fb" />
      <TestMethod codeBase="/Users/ozge/Desktop/Card-Management-Package/src/MerchantApp/MerchantApp.Tests/bin/Debug/net9.0/MerchantApp.Tests.dll" adapterTypeName="executor://xunit/VsTestRunner2/netcoreapp" className="MerchantApp.Tests.Tests.CartServiceTests" name="AddItem_ShouldStoreItemInCache" />
    </UnitTest>
    <UnitTest name="MerchantApp.Tests.Tests.ProductServiceTests.GetProductsByMerchantAsync_ShouldReturnProducts" storage="/users/ozge/desktop/card-management-package/src/merchantapp/merchantapp.tests/bin/debug/net9.0/merchantapp.tests.dll" id="1dbff002-d315-d3ec-1b99-15c99669c543">
      <Execution id="234ee922-d5e4-446a-b449-fa89db78c2f2" />
      <TestMethod codeBase="/Users/ozge/Desktop/Card-Management-Package/src/MerchantApp/MerchantApp.Tests/bin/Debug/net9.0/MerchantApp.Tests.dll" adapterTypeName="executor://xunit/VsTestRunner2/netcoreapp" className="MerchantApp.Tests.Tests.ProductServiceTests" name="GetProductsByMerchantAsync_ShouldReturnProducts" />
    </UnitTest>
    <UnitTest name="MerchantApp.Tests.Tests.MerchantAuthServiceTests.RegisterAsync_ShouldCreateNewMerchant" storage="/users/ozge/desktop/card-management-package/src/merchantapp/merchantapp.tests/bin/debug/net9.0/merchantapp.tests.dll" id="05e86c93-a484-17a1-c6e7-c726b1dce0dc">
      <Execution id="63f667c5-ae13-482e-a6db-3cecccc21945" />
      <TestMethod codeBase="/Users/ozge/Desktop/Card-Management-Package/src/MerchantApp/MerchantApp.Tests/bin/Debug/net9.0/MerchantApp.Tests.dll" adapterTypeName="executor://xunit/VsTestRunner2/netcoreapp" className="MerchantApp.Tests.Tests.MerchantAuthServiceTests" name="RegisterAsync_ShouldCreateNewMerchant" />
    </UnitTest>
    <UnitTest name="MerchantApp.Tests.Tests.MerchantAuthServiceTests.LoginAsync_ShouldReturnNull_WhenEmailNotExist" storage="/users/ozge/desktop/card-management-package/src/merchantapp/merchantapp.tests/bin/debug/net9.0/merchantapp.tests.dll" id="371fe41a-9ef4-d9ea-bb43-e2312972d520">
      <Execution id="24d83c5c-e418-42f1-b850-fc0273de07eb" />
      <TestMethod codeBase="/Users/ozge/Desktop/Card-Management-Package/src/MerchantApp/MerchantApp.Tests/bin/Debug/net9.0/MerchantApp.Tests.dll" adapterTypeName="executor://xunit/VsTestRunner2/netcoreapp" className="MerchantApp.Tests.Tests.MerchantAuthServiceTests" name="LoginAsync_ShouldReturnNull_WhenEmailNotExist" />
    </UnitTest>
    <UnitTest name="MerchantApp.Tests.Tests.CartServiceTests.GetCart_ShouldReturnEmptyList_WhenNoItems" storage="/users/ozge/desktop/card-management-package/src/merchantapp/merchantapp.tests/bin/debug/net9.0/merchantapp.tests.dll" id="a79ea13d-0586-beeb-8b78-69ec36052772">
      <Execution id="991cff8c-e936-4287-9fca-07a8d718805a" />
      <TestMethod codeBase="/Users/ozge/Desktop/Card-Management-Package/src/MerchantApp/MerchantApp.Tests/bin/Debug/net9.0/MerchantApp.Tests.dll" adapterTypeName="executor://xunit/VsTestRunner2/netcoreapp" className="MerchantApp.Tests.Tests.CartServiceTests" name="GetCart_ShouldReturnEmptyList_WhenNoItems" />
    </UnitTest>
    <UnitTest name="MerchantApp.Tests.Tests.CartServiceTests.RemoveItem_ShouldRemoveItemFromCache" storage="/users/ozge/desktop/card-management-package/src/merchantapp/merchantapp.tests/bin/debug/net9.0/merchantapp.tests.dll" id="9e5dc066-35a3-3415-ab26-5f67c54e1e23">
      <Execution id="38d09231-7dd8-44d5-baad-4596663d5deb" />
      <TestMethod codeBase="/Users/ozge/Desktop/Card-Management-Package/src/MerchantApp/MerchantApp.Tests/bin/Debug/net9.0/MerchantApp.Tests.dll" adapterTypeName="executor://xunit/VsTestRunner2/netcoreapp" className="MerchantApp.Tests.Tests.CartServiceTests" name="RemoveItem_ShouldRemoveItemFromCache" />
    </UnitTest>
    <UnitTest name="MerchantApp.Tests.Tests.CardServiceTests.GetAllCardsAsync_ShouldReturnAllCards" storage="/users/ozge/desktop/card-management-package/src/merchantapp/merchantapp.tests/bin/debug/net9.0/merchantapp.tests.dll" id="9b3934de-d472-f2ff-977b-dd5c54c337fe">
      <Execution id="f2275e3d-cac3-4f8a-902e-a94a4d8cf1f2" />
      <TestMethod codeBase="/Users/ozge/Desktop/Card-Management-Package/src/MerchantApp/MerchantApp.Tests/bin/Debug/net9.0/MerchantApp.Tests.dll" adapterTypeName="executor://xunit/VsTestRunner2/netcoreapp" className="MerchantApp.Tests.Tests.CardServiceTests" name="GetAllCardsAsync_ShouldReturnAllCards" />
    </UnitTest>
    <UnitTest name="MerchantApp.Tests.Tests.ProductServiceTests.DeleteProductAsync_ShouldRemoveProduct" storage="/users/ozge/desktop/card-management-package/src/merchantapp/merchantapp.tests/bin/debug/net9.0/merchantapp.tests.dll" id="019f9459-47bb-ad48-4fab-01a468d7ee32">
      <Execution id="c759d997-10d5-4e7c-a926-dad99cc9c4b6" />
      <TestMethod codeBase="/Users/ozge/Desktop/Card-Management-Package/src/MerchantApp/MerchantApp.Tests/bin/Debug/net9.0/MerchantApp.Tests.dll" adapterTypeName="executor://xunit/VsTestRunner2/netcoreapp" className="MerchantApp.Tests.Tests.ProductServiceTests" name="DeleteProductAsync_ShouldRemoveProduct" />
    </UnitTest>
    <UnitTest name="MerchantApp.Tests.Tests.CartServiceTests.AddItem_ShouldIncreaseQuantity_WhenItemExists" storage="/users/ozge/desktop/card-management-package/src/merchantapp/merchantapp.tests/bin/debug/net9.0/merchantapp.tests.dll" id="88eb603a-1b6b-4026-aef7-98cd9b44a71b">
      <Execution id="789501f6-2693-4f1a-9f71-7de488565b4e" />
      <TestMethod codeBase="/Users/ozge/Desktop/Card-Management-Package/src/MerchantApp/MerchantApp.Tests/bin/Debug/net9.0/MerchantApp.Tests.dll" adapterTypeName="executor://xunit/VsTestRunner2/netcoreapp" className="MerchantApp.Tests.Tests.CartServiceTests" name="AddItem_ShouldIncreaseQuantity_WhenItemExists" />
    </UnitTest>
    <UnitTest name="MerchantApp.Test.ServiceSmokeTests.Service_Project_Loads" storage="/users/ozge/desktop/card-management-package/src/merchantapp/merchantapp.tests/bin/debug/net9.0/merchantapp.tests.dll" id="2baffebb-b797-02d1-19ae-b3c967f72f7e">
      <Execution id="858bedd0-5634-4a66-a23d-5175e0bb27f1" />
      <TestMethod codeBase="/Users/ozge/Desktop/Card-Management-Package/src/MerchantApp/MerchantApp.Tests/bin/Debug/net9.0/MerchantApp.Tests.dll" adapterTypeName="executor://xunit/VsTestRunner2/netcoreapp" className="MerchantApp.Test.ServiceSmokeTests" name="Service_Project_Loads" />
    </UnitTest>
    <UnitTest name="MerchantApp.Tests.Tests.QrServiceTests.GenerateQrAsync_ShouldCreateTransaction_AndGenerateBase64Qr" storage="/users/ozge/desktop/card-management-package/src/merchantapp/merchantapp.tests/bin/debug/net9.0/merchantapp.tests.dll" id="196c55a5-da1b-8000-7c7d-0764c7c60463">
      <Execution id="9b835408-e6fc-4719-8e77-9ebe5dbd1934" />
      <TestMethod codeBase="/Users/ozge/Desktop/Card-Management-Package/src/MerchantApp/MerchantApp.Tests/bin/Debug/net9.0/MerchantApp.Tests.dll" adapterTypeName="executor://xunit/VsTestRunner2/netcoreapp" className="MerchantApp.Tests.Tests.QrServiceTests" name="GenerateQrAsync_ShouldCreateTransaction_AndGenerateBase64Qr" />
    </UnitTest>
    <UnitTest name="MerchantApp.Tests.Tests.CardholderServiceTests.GetAllCardholdersAsync_ShouldReturnAllCardholders" storage="/users/ozge/desktop/card-management-package/src/merchantapp/merchantapp.tests/bin/debug/net9.0/merchantapp.tests.dll" id="30716dd1-7841-6d3d-2e61-82c447fb54c4">
      <Execution id="0ae7361d-c5c7-4912-8a13-622de5f296aa" />
      <TestMethod codeBase="/Users/ozge/Desktop/Card-Management-Package/src/MerchantApp/MerchantApp.Tests/bin/Debug/net9.0/MerchantApp.Tests.dll" adapterTypeName="executor://xunit/VsTestRunner2/netcoreapp" className="MerchantApp.Tests.Tests.CardholderServiceTests" name="GetAllCardholdersAsync_ShouldReturnAllCardholders" />
    </UnitTest>
    <UnitTest name="MerchantApp.Tests.Tests.CardServiceTests.CreateCardAsync_ShouldCreateCard" storage="/users/ozge/desktop/card-management-package/src/merchantapp/merchantapp.tests/bin/debug/net9.0/merchantapp.tests.dll" id="ebf2cc3d-d40c-f956-2795-5a2257a73db9">
      <Execution id="5e1a16fa-5170-4ef3-b3f5-84d215fb6000" />
      <TestMethod codeBase="/Users/ozge/Desktop/Card-Management-Package/src/MerchantApp/MerchantApp.Tests/bin/Debug/net9.0/MerchantApp.Tests.dll" adapterTypeName="executor://xunit/VsTestRunner2/netcoreapp" className="MerchantApp.Tests.Tests.CardServiceTests" name="CreateCardAsync_ShouldCreateCard" />
    </UnitTest>
    <UnitTest name="MerchantApp.Tests.Tests.ProductServiceTests.AddProductAsync_ShouldAddOrUpdateProduct" storage="/users/ozge/desktop/card-management-package/src/merchantapp/merchantapp.tests/bin/debug/net9.0/merchantapp.tests.dll" id="d2f44ae9-efb6-5497-db04-af83398ba2c7">
      <Execution id="9aa51892-bc3f-43dc-b354-1da34a9becf7" />
      <TestMethod codeBase="/Users/ozge/Desktop/Card-Management-Package/src/MerchantApp/MerchantApp.Tests/bin/Debug/net9.0/MerchantApp.Tests.dll" adapterTypeName="executor://xunit/VsTestRunner2/netcoreapp" className="MerchantApp.Tests.Tests.ProductServiceTests" name="AddProductAsync_ShouldAddOrUpdateProduct" />
    </UnitTest>
    <UnitTest name="MerchantApp.Tests.Tests.TransactionServiceTests.StartTransactionAsync_ShouldThrow_WhenProductNotFound" storage="/users/ozge/desktop/card-management-package/src/merchantapp/merchantapp.tests/bin/debug/net9.0/merchantapp.tests.dll" id="88aee40c-52b5-7d9b-55cf-27f68d7891a2">
      <Execution id="3de8f33d-ac21-4b65-943a-73b194acb573" />
      <TestMethod codeBase="/Users/ozge/Desktop/Card-Management-Package/src/MerchantApp/MerchantApp.Tests/bin/Debug/net9.0/MerchantApp.Tests.dll" adapterTypeName="executor://xunit/VsTestRunner2/netcoreapp" className="MerchantApp.Tests.Tests.TransactionServiceTests" name="StartTransactionAsync_ShouldThrow_WhenProductNotFound" />
    </UnitTest>
    <UnitTest name="MerchantApp.Tests.Tests.CartServiceTests.AddMultipleItems_ShouldStoreAllItems" storage="/users/ozge/desktop/card-management-package/src/merchantapp/merchantapp.tests/bin/debug/net9.0/merchantapp.tests.dll" id="819e6283-6fde-8885-7817-4e7b85584415">
      <Execution id="70043a9c-5dfb-4e75-b6e4-f7fd11a6e5e9" />
      <TestMethod codeBase="/Users/ozge/Desktop/Card-Management-Package/src/MerchantApp/MerchantApp.Tests/bin/Debug/net9.0/MerchantApp.Tests.dll" adapterTypeName="executor://xunit/VsTestRunner2/netcoreapp" className="MerchantApp.Tests.Tests.CartServiceTests" name="AddMultipleItems_ShouldStoreAllItems" />
    </UnitTest>
    <UnitTest name="MerchantApp.Tests.Tests.MerchantAuthServiceTests.LoginAsync_ShouldReturnMerchant_WhenCredentialsCorrect" storage="/users/ozge/desktop/card-management-package/src/merchantapp/merchantapp.tests/bin/debug/net9.0/merchantapp.tests.dll" id="4876162f-1235-7ad0-30a0-c35513c7cee6">
      <Execution id="b3d282bc-c845-410b-9b2f-7527cd7fe8b8" />
      <TestMethod codeBase="/Users/ozge/Desktop/Card-Management-Package/src/MerchantApp/MerchantApp.Tests/bin/Debug/net9.0/MerchantApp.Tests.dll" adapterTypeName="executor://xunit/VsTestRunner2/netcoreapp" className="MerchantApp.Tests.Tests.MerchantAuthServiceTests" name="LoginAsync_ShouldReturnMerchant_WhenCredentialsCorrect" />
    </UnitTest>
  </TestDefinitions>
  <TestEntries>
    <TestEntry testId="9b3934de-d472-f2ff-977b-dd5c54c337fe" executionId="f2275e3d-cac3-4f8a-902e-a94a4d8cf1f2" testListId="8c84fa94-04c1-424b-9868-57a2d4851a1d" />
    <TestEntry testId="819e6283-6fde-8885-7817-4e7b85584415" executionId="70043a9c-5dfb-4e75-b6e4-f7fd11a6e5e9" testListId="8c84fa94-04c1-424b-9868-57a2d4851a1d" />
    <TestEntry testId="4876162f-1235-7ad0-30a0-c35513c7cee6" executionId="b3d282bc-c845-410b-9b2f-7527cd7fe8b8" testListId="8c84fa94-04c1-424b-9868-57a2d4851a1d" />
    <TestEntry testId="88eb603a-1b6b-4026-aef7-98cd9b44a71b" executionId="789501f6-2693-4f1a-9f71-7de488565b4e" testListId="8c84fa94-04c1-424b-9868-57a2d4851a1d" />
    <TestEntry testId="6a2ff0ff-cfff-957f-0e92-787dba71a9a2" executionId="74ed9fde-3ca8-4483-b637-008ce347144f" testListId="8c84fa94-04c1-424b-9868-57a2d4851a1d" />
    <TestEntry testId="019f9459-47bb-ad48-4fab-01a468d7ee32" executionId="c759d997-10d5-4e7c-a926-dad99cc9c4b6" testListId="8c84fa94-04c1-424b-9868-57a2d4851a1d" />
    <TestEntry testId="05e86c93-a484-17a1-c6e7-c726b1dce0dc" executionId="63f667c5-ae13-482e-a6db-3cecccc21945" testListId="8c84fa94-04c1-424b-9868-57a2d4851a1d" />
    <TestEntry testId="9804a871-652f-5f3d-33f0-b95dec4b3c19" executionId="579957b9-88d0-4f70-85f5-1f3f21457f6a" testListId="8c84fa94-04c1-424b-9868-57a2d4851a1d" />
    <TestEntry testId="ff0d95b1-6f5f-454e-3532-9f4abf6f8bca" executionId="1583be49-2a8d-472f-b123-568ec42d8e48" testListId="8c84fa94-04c1-424b-9868-57a2d4851a1d" />
    <TestEntry testId="066d8aff-4e45-91c1-e61a-7fb14c974181" executionId="6d47ccb5-48e0-4b1e-b76a-9c3b9316143e" testListId="8c84fa94-04c1-424b-9868-57a2d4851a1d" />
    <TestEntry testId="836f0f4e-c7df-f61e-baed-0d26ee49a7c6" executionId="91849786-88af-4620-ac01-28942d254344" testListId="8c84fa94-04c1-424b-9868-57a2d4851a1d" />
    <TestEntry testId="9e5dc066-35a3-3415-ab26-5f67c54e1e23" executionId="38d09231-7dd8-44d5-baad-4596663d5deb" testListId="8c84fa94-04c1-424b-9868-57a2d4851a1d" />
    <TestEntry testId="a79ea13d-0586-beeb-8b78-69ec36052772" executionId="991cff8c-e936-4287-9fca-07a8d718805a" testListId="8c84fa94-04c1-424b-9868-57a2d4851a1d" />
    <TestEntry testId="2baffebb-b797-02d1-19ae-b3c967f72f7e" executionId="858bedd0-5634-4a66-a23d-5175e0bb27f1" testListId="8c84fa94-04c1-424b-9868-57a2d4851a1d" />
    <TestEntry testId="88aee40c-52b5-7d9b-55cf-27f68d7891a2" executionId="3de8f33d-ac21-4b65-943a-73b194acb573" testListId="8c84fa94-04c1-424b-9868-57a2d4851a1d" />
    <TestEntry testId="1dbff002-d315-d3ec-1b99-15c99669c543" executionId="234ee922-d5e4-446a-b449-fa89db78c2f2" testListId="8c84fa94-04c1-424b-9868-57a2d4851a1d" />
    <TestEntry testId="2f3d5a45-cd40-ffbc-cd5e-87fa9bf4808e" executionId="f54b971f-6554-457c-b464-66391685f3fb" testListId="8c84fa94-04c1-424b-9868-57a2d4851a1d" />
    <TestEntry testId="7bdedd38-9e0f-b00a-98c9-34188e8fa7a7" executionId="4512cb3a-4579-4122-a9f9-e2577e3d05c9" testListId="8c84fa94-04c1-424b-9868-57a2d4851a1d" />
    <TestEntry testId="ebf2cc3d-d40c-f956-2795-5a2257a73db9" executionId="5e1a16fa-5170-4ef3-b3f5-84d215fb6000" testListId="8c84fa94-04c1-424b-9868-57a2d4851a1d" />
    <TestEntry testId="196c55a5-da1b-8000-7c7d-0764c7c60463" executionId="9b835408-e6fc-4719-8e77-9ebe5dbd1934" testListId="8c84fa94-04c1-424b-9868-57a2d4851a1d" />
    <TestEntry testId="371fe41a-9ef4-d9ea-bb43-e2312972d520" executionId="24d83c5c-e418-42f1-b850-fc0273de07eb" testListId="8c84fa94-04c1-424b-9868-57a2d4851a1d" />
    <TestEntry testId="d2f44ae9-efb6-5497-db04-af83398ba2c7" executionId="9aa51892-bc3f-43dc-b354-1da34a9becf7" testListId="8c84fa94-04c1-424b-9868-57a2d4851a1d" />
    <TestEntry testId="30716dd1-7841-6d3d-2e61-82c447fb54c4" executionId="0ae7361d-c5c7-4912-8a13-622de5f296aa" testListId="8c84fa94-04c1-424b-9868-57a2d4851a1d" />
  </TestEntries>
  <TestLists>
    <TestList name="Bir Listede Olmayan Sonuçlar" id="8c84fa94-04c1-424b-9868-57a2d4851a1d" />
    <TestList name="Yüklenen Tüm Sonuçlar" id="19431567-8539-422a-85d7-44ee4e166bda" />
  </TestLists>
  <ResultSummary outcome="Completed">
    <Counters total="23" executed="23" passed="23" failed="0" error="0" timeout="0" aborted="0" inconclusive="0" passedButRunAborted="0" notRunnable="0" notExecuted="0" disconnected="0" warning="0" completed="0" inProgress="0" pending="0" />
    <Output>
      <StdOut>[xUnit.net 00:00:00.00] xUnit.net VSTest Adapter v2.8.2+699d445a1a (64-bit .NET 9.0.7)
[xUnit.net 00:00:00.03]   Discovering: MerchantApp.Tests
[xUnit.net 00:00:00.04]   Discovered:  MerchantApp.Tests
[xUnit.net 00:00:00.04]   Starting:    MerchantApp.Tests
[xUnit.net 00:00:00.37]   Finished:    MerchantApp.Tests
</StdOut>
    </Output>
  </ResultSummary>
</TestRun>